
> mariano-santos@0.0.0 test:ci
> ng test --watch=false --browsers=ChromeHeadless --code-coverage

[33mÔØ»[39m Building...
[32mÔ£ö[39m Building...
[1mInitial chunk files[22m               [2m | [22m[1mNames[22m                          [2m | [22m [1mRaw size[22m
[32mchunk-7JAC3W5Q.js[39m                 [2m | [22m[2m-[22m                              [2m | [22m  [36m1.17 MB[39m[2m | [22m
[32mchunk-K7WLTI42.js[39m                 [2m | [22m[2m-[22m                              [2m | [22m  [36m1.13 MB[39m[2m | [22m
[32mpolyfills.js[39m                      [2m | [22m[2mpolyfills[22m                      [2m | [22m  [36m1.03 MB[39m[2m | [22m
[32mchunk-ITWPM3B5.js[39m                 [2m | [22m[2m-[22m                              [2m | [22m[36m401.79 kB[39m[2m | [22m
[32mchunk-B3TJKESD.js[39m                 [2m | [22m[2m-[22m                              [2m | [22m[36m301.30 kB[39m[2m | [22m
[32mchunk-XP6XTZWO.js[39m                 [2m | [22m[2m-[22m                              [2m | [22m[36m299.48 kB[39m[2m | [22m
[32mspec-floating-nav.spec.js[39m         [2m | [22m[2mspec-floating-nav.spec[22m         [2m | [22m[36m296.83 kB[39m[2m | [22m
[32mchunk-YNYWAELK.js[39m                 [2m | [22m[2m-[22m                              [2m | [22m[36m259.89 kB[39m[2m | [22m
[32mchunk-OSEFG5EY.js[39m                 [2m | [22m[2m-[22m                              [2m | [22m[36m197.60 kB[39m[2m | [22m
[32mchunk-XN6HMBPS.js[39m                 [2m | [22m[2m-[22m                              [2m | [22m[36m188.80 kB[39m[2m | [22m
[32mchunk-7BXSKDKT.js[39m                 [2m | [22m[2m-[22m                              [2m | [22m [36m96.27 kB[39m[2m | [22m
[32mstyles.css[39m                        [2m | [22m[2mstyles[22m                         [2m | [22m [36m68.78 kB[39m[2m | [22m
[32mjasmine-cleanup-1.js[39m              [2m | [22m[2mjasmine-cleanup-1[22m              [2m | [22m [36m67.20 kB[39m[2m | [22m
[32mchunk-YFWWA2M2.js[39m                 [2m | [22m[2m-[22m                              [2m | [22m [36m59.30 kB[39m[2m | [22m
[32mspec-ProjectDetails.spec.js[39m       [2m | [22m[2mspec-ProjectDetails.spec[22m       [2m | [22m [36m56.63 kB[39m[2m | [22m
[32mchunk-P5WJIN35.js[39m                 [2m | [22m[2m-[22m                              [2m | [22m [36m43.63 kB[39m[2m | [22m
[32mchunk-WBGPRVLN.js[39m                 [2m | [22m[2m-[22m                              [2m | [22m [36m38.15 kB[39m[2m | [22m
[32mchunk-P5EXWJVP.js[39m                 [2m | [22m[2m-[22m                              [2m | [22m [36m37.40 kB[39m[2m | [22m
[32mchunk-OLUVHQPA.js[39m                 [2m | [22m[2m-[22m                              [2m | [22m [36m30.59 kB[39m[2m | [22m
[32mchunk-BIPHXHNJ.js[39m                 [2m | [22m[2m-[22m                              [2m | [22m [36m29.24 kB[39m[2m | [22m
[32mspec-home.spec.js[39m                 [2m | [22m[2mspec-home.spec[22m                 [2m | [22m [36m23.27 kB[39m[2m | [22m
[32mspec-app.spec.js[39m                  [2m | [22m[2mspec-app.spec[22m                  [2m | [22m [36m23.17 kB[39m[2m | [22m
[32mchunk-7O62KHWO.js[39m                 [2m | [22m[2m-[22m                              [2m | [22m [36m21.31 kB[39m[2m | [22m
[32mchunk-FM45U3I3.js[39m                 [2m | [22m[2m-[22m                              [2m | [22m [36m20.50 kB[39m[2m | [22m
[32mchunk-BG2YAC57.js[39m                 [2m | [22m[2m-[22m                              [2m | [22m [36m17.19 kB[39m[2m | [22m
[32mchunk-HEWTBZPM.js[39m                 [2m | [22m[2m-[22m                              [2m | [22m [36m16.70 kB[39m[2m | [22m
[32mspec-cv.spec.js[39m                   [2m | [22m[2mspec-cv.spec[22m                   [2m | [22m [36m15.81 kB[39m[2m | [22m
[32mchunk-3DX5SGBP.js[39m                 [2m | [22m[2m-[22m                              [2m | [22m [36m15.37 kB[39m[2m | [22m
[32mspec-ExperienceTime-pipe.spec.js[39m  [2m | [22m[2mspec-ExperienceTime-pipe.spec[22m  [2m | [22m [36m13.91 kB[39m[2m | [22m
[32mchunk-5QX27K6G.js[39m                 [2m | [22m[2m-[22m                              [2m | [22m [36m13.89 kB[39m[2m | [22m
[32mchunk-63RC2YYQ.js[39m                 [2m | [22m[2m-[22m                              [2m | [22m [36m12.76 kB[39m[2m | [22m
[32mchunk-N3YCIL4F.js[39m                 [2m | [22m[2m-[22m                              [2m | [22m [36m11.22 kB[39m[2m | [22m
[32mchunk-YXS7OA2K.js[39m                 [2m | [22m[2m-[22m                              [2m | [22m [36m10.97 kB[39m[2m | [22m
[32mchunk-RPY3OXYB.js[39m                 [2m | [22m[2m-[22m                              [2m | [22m [36m10.93 kB[39m[2m | [22m
[32mchunk-6RL2UR6W.js[39m                 [2m | [22m[2m-[22m                              [2m | [22m  [36m9.87 kB[39m[2m | [22m
[32mspec-ProjectsList.spec.js[39m         [2m | [22m[2mspec-ProjectsList.spec[22m         [2m | [22m  [36m9.21 kB[39m[2m | [22m
[32mchunk-O5GRDC7D.js[39m                 [2m | [22m[2m-[22m                              [2m | [22m  [36m8.57 kB[39m[2m | [22m
[32mchunk-4PFS2TYM.js[39m                 [2m | [22m[2m-[22m                              [2m | [22m  [36m8.54 kB[39m[2m | [22m
[32mchunk-3RAJHIHQ.js[39m                 [2m | [22m[2m-[22m                              [2m | [22m  [36m8.29 kB[39m[2m | [22m
[32mspec-AiAudit.spec.js[39m              [2m | [22m[2mspec-AiAudit.spec[22m              [2m | [22m  [36m7.88 kB[39m[2m | [22m
[32mchunk-MACVUYPU.js[39m                 [2m | [22m[2m-[22m                              [2m | [22m  [36m7.82 kB[39m[2m | [22m
[32mspec-zone.spec.js[39m                 [2m | [22m[2mspec-zone.spec[22m                 [2m | [22m  [36m7.35 kB[39m[2m | [22m
[32mchunk-C45QKJJB.js[39m                 [2m | [22m[2m-[22m                              [2m | [22m  [36m7.34 kB[39m[2m | [22m
[32mchunk-3CKRLAYU.js[39m                 [2m | [22m[2m-[22m                              [2m | [22m  [36m7.12 kB[39m[2m | [22m
[32mspec-contact.spec.js[39m              [2m | [22m[2mspec-contact.spec[22m              [2m | [22m  [36m7.08 kB[39m[2m | [22m
[32mchunk-D7ROBUKS.js[39m                 [2m | [22m[2m-[22m                              [2m | [22m  [36m6.95 kB[39m[2m | [22m
[32mchunk-ZWVTMX6X.js[39m                 [2m | [22m[2m-[22m                              [2m | [22m  [36m6.73 kB[39m[2m | [22m
[32mspec-constructor-callbacks.spec.js[39m[2m | [22m[2mspec-constructor-callbacks.spec[22m[2m | [22m  [36m6.49 kB[39m[2m | [22m
[32mspec-ToastNotification.spec.js[39m    [2m | [22m[2mspec-ToastNotification.spec[22m    [2m | [22m  [36m5.85 kB[39m[2m | [22m
[32mchunk-OONFDHOH.js[39m                 [2m | [22m[2m-[22m                              [2m | [22m  [36m5.84 kB[39m[2m | [22m
[32mspec-projectFilter.spec.js[39m        [2m | [22m[2mspec-projectFilter.spec[22m        [2m | [22m  [36m5.81 kB[39m[2m | [22m
[32mchunk-LFHHN7XR.js[39m                 [2m | [22m[2m-[22m                              [2m | [22m  [36m5.65 kB[39m[2m | [22m
[32mspec-animations.spec.js[39m           [2m | [22m[2mspec-animations.spec[22m           [2m | [22m  [36m4.94 kB[39m[2m | [22m
[32mspec-techMorph.spec.js[39m            [2m | [22m[2mspec-techMorph.spec[22m            [2m | [22m  [36m4.79 kB[39m[2m | [22m
[32mchunk-GCG3YGLU.js[39m                 [2m | [22m[2m-[22m                              [2m | [22m  [36m4.62 kB[39m[2m | [22m
[32mspec-Card.spec.js[39m                 [2m | [22m[2mspec-Card.spec[22m                 [2m | [22m  [36m4.54 kB[39m[2m | [22m
[32mtest_main.js[39m                      [2m | [22m[2mtest_main[22m                      [2m | [22m  [36m4.46 kB[39m[2m | [22m
[32mspec-index.spec.js[39m                [2m | [22m[2mspec-index.spec[22m                [2m | [22m  [36m4.30 kB[39m[2m | [22m
[32mspec-Toast.spec.js[39m                [2m | [22m[2mspec-Toast.spec[22m                [2m | [22m  [36m4.26 kB[39m[2m | [22m
[32mchunk-KLMCKFKU.js[39m                 [2m | [22m[2m-[22m                              [2m | [22m  [36m4.00 kB[39m[2m | [22m
[32mchunk-WJSEXQRR.js[39m                 [2m | [22m[2m-[22m                              [2m | [22m  [36m3.92 kB[39m[2m | [22m
[32mspec-GlassParallax.spec.js[39m        [2m | [22m[2mspec-GlassParallax.spec[22m        [2m | [22m  [36m3.65 kB[39m[2m | [22m
[32mspec-drawerEntrance.spec.js[39m       [2m | [22m[2mspec-drawerEntrance.spec[22m       [2m | [22m  [36m3.54 kB[39m[2m | [22m
[32mspec-ExperienceDetails.spec.js[39m    [2m | [22m[2mspec-ExperienceDetails.spec[22m    [2m | [22m  [36m3.26 kB[39m[2m | [22m
[32mspec-drawerExit.spec.js[39m           [2m | [22m[2mspec-drawerExit.spec[22m           [2m | [22m  [36m3.25 kB[39m[2m | [22m
[32mspec-coverage-intensive.spec.js[39m   [2m | [22m[2mspec-coverage-intensive.spec[22m   [2m | [22m  [36m3.14 kB[39m[2m | [22m
[32mspec-contactEntrance.spec.js[39m      [2m | [22m[2mspec-contactEntrance.spec[22m      [2m | [22m  [36m3.07 kB[39m[2m | [22m
[32mspec-listEntrance.spec.js[39m         [2m | [22m[2mspec-listEntrance.spec[22m         [2m | [22m  [36m2.92 kB[39m[2m | [22m
[32mspec-floatingBeat.spec.js[39m         [2m | [22m[2mspec-floatingBeat.spec[22m         [2m | [22m  [36m2.85 kB[39m[2m | [22m
[32mspec-heroEntrance.spec.js[39m         [2m | [22m[2mspec-heroEntrance.spec[22m         [2m | [22m  [36m2.72 kB[39m[2m | [22m
[32mchunk-5I3DI6QM.js[39m                 [2m | [22m[2m-[22m                              [2m | [22m  [36m2.52 kB[39m[2m | [22m
[32mchunk-TIZS54TM.js[39m                 [2m | [22m[2m-[22m                              [2m | [22m  [36m2.51 kB[39m[2m | [22m
[32mspec-coverage-hacks.spec.js[39m       [2m | [22m[2mspec-coverage-hacks.spec[22m       [2m | [22m  [36m2.50 kB[39m[2m | [22m
[32mspec-projects.spec.js[39m             [2m | [22m[2mspec-projects.spec[22m             [2m | [22m  [36m2.35 kB[39m[2m | [22m
[32mspec-Experience.spec.js[39m           [2m | [22m[2mspec-Experience.spec[22m           [2m | [22m  [36m2.23 kB[39m[2m | [22m
[32mchunk-TX47ZQWN.js[39m                 [2m | [22m[2m-[22m                              [2m | [22m  [36m2.23 kB[39m[2m | [22m
[32mspec-lifeCycle.spec.js[39m            [2m | [22m[2mspec-lifeCycle.spec[22m            [2m | [22m  [36m2.06 kB[39m[2m | [22m
[32mspec-coverage-patch.spec.js[39m       [2m | [22m[2mspec-coverage-patch.spec[22m       [2m | [22m  [36m1.63 kB[39m[2m | [22m
[32mspec-skeleton-ui.spec.js[39m          [2m | [22m[2mspec-skeleton-ui.spec[22m          [2m | [22m  [36m1.04 kB[39m[2m | [22m
[32mspec-platform.spec.js[39m             [2m | [22m[2mspec-platform.spec[22m             [2m | [22m  [36m1.04 kB[39m[2m | [22m
[32mspec-Button.spec.js[39m               [2m | [22m[2mspec-Button.spec[22m               [2m | [22m  [36m1.00 kB[39m[2m | [22m
[32mspec-floatingCalc.spec.js[39m         [2m | [22m[2mspec-floatingCalc.spec[22m         [2m | [22m[36m964 bytes[39m[2m | [22m
[32mchunk-YZLBR76C.js[39m                 [2m | [22m[2m-[22m                              [2m | [22m[36m936 bytes[39m[2m | [22m
[32mspec-skeleton-service.spec.js[39m     [2m | [22m[2mspec-skeleton-service.spec[22m     [2m | [22m[36m881 bytes[39m[2m | [22m
[32mspec-TechPills.spec.js[39m            [2m | [22m[2mspec-TechPills.spec[22m            [2m | [22m[36m826 bytes[39m[2m | [22m
[32mjasmine-cleanup-0.js[39m              [2m | [22m[2mjasmine-cleanup-0[22m              [2m | [22m[36m519 bytes[39m[2m | [22m
[32mspec-Skills.spec.js[39m               [2m | [22m[2mspec-Skills.spec[22m               [2m | [22m[36m511 bytes[39m[2m | [22m
[32mspec-skeleton.spec.js[39m             [2m | [22m[2mspec-skeleton.spec[22m             [2m | [22m [36m47 bytes[39m[2m | [22m

[1m [22m                                 [2m | [22m[1mInitial total[22m                  [2m | [22m  [1m6.26 MB[22m

Application bundle generation complete. [3.455 seconds] - 2026-01-19T20:52:36.782Z

[32m19 01 2026 17:52:37.155:INFO [karma-server]: [39mKarma v6.4.4 server started at http://localhost:9876/
[32m19 01 2026 17:52:37.156:INFO [launcher]: [39mLaunching browsers ChromeHeadless with concurrency unlimited
[32m19 01 2026 17:52:37.173:INFO [launcher]: [39mStarting browser ChromeHeadless
[32m19 01 2026 17:52:38.368:INFO [Chrome Headless 143.0.0.0 (Windows 10)]: [39mConnected on socket NwzZ1WYi-tbHFPafAAAB with id 1913703
Chrome Headless 143.0.0.0 (Windows 10): Executed 0 of 272[32m SUCCESS[39m (0 secs / 0 secs)
[1A[2KChrome Headless 143.0.0.0 (Windows 10): Executed 1 of 272[32m SUCCESS[39m (0 secs / 0.002 secs)
[1A[2KChrome Headless 143.0.0.0 (Windows 10): Executed 2 of 272[32m SUCCESS[39m (0 secs / 0.005 secs)
[1A[2KChrome Headless 143.0.0.0 (Windows 10): Executed 3 of 272[32m SUCCESS[39m (0 secs / 0.006 secs)
[1A[2KChrome Headless 143.0.0.0 (Windows 10): Executed 4 of 272[32m SUCCESS[39m (0 secs / 0.008 secs)
[1A[2KChrome Headless 143.0.0.0 (Windows 10): Executed 5 of 272[32m SUCCESS[39m (0 secs / 0.009 secs)
[1A[2KChrome Headless 143.0.0.0 (Windows 10): Executed 6 of 272[32m SUCCESS[39m (0 secs / 0.009 secs)
[1A[2KChrome Headless 143.0.0.0 (Windows 10): Executed 7 of 272[32m SUCCESS[39m (0 secs / 2.01 secs)
[1A[2KChrome Headless 143.0.0.0 (Windows 10): Executed 8 of 272[32m SUCCESS[39m (0 secs / 2.01 secs)
[1A[2KChrome Headless 143.0.0.0 (Windows 10): Executed 9 of 272[32m SUCCESS[39m (0 secs / 2.011 secs)
[1A[2KChrome Headless 143.0.0.0 (Windows 10): Executed 10 of 272[32m SUCCESS[39m (0 secs / 2.011 secs)
[1A[2KChrome Headless 143.0.0.0 (Windows 10): Executed 11 of 272[32m SUCCESS[39m (0 secs / 2.012 secs)
[1A[2KChrome Headless 143.0.0.0 (Windows 10): Executed 12 of 272[32m SUCCESS[39m (0 secs / 2.012 secs)
[1A[2KChrome Headless 143.0.0.0 (Windows 10): Executed 13 of 272[32m SUCCESS[39m (0 secs / 2.012 secs)
[1A[2KChrome Headless 143.0.0.0 (Windows 10): Executed 14 of 272[32m SUCCESS[39m (0 secs / 2.012 secs)
[1A[2KChrome Headless 143.0.0.0 (Windows 10): Executed 15 of 272[32m SUCCESS[39m (0 secs / 2.012 secs)
[1A[2KChrome Headless 143.0.0.0 (Windows 10): Executed 16 of 272[32m SUCCESS[39m (0 secs / 2.012 secs)
[1A[2KChrome Headless 143.0.0.0 (Windows 10): Executed 17 of 272[32m SUCCESS[39m (0 secs / 2.017 secs)
[1A[2KChrome Headless 143.0.0.0 (Windows 10): Executed 18 of 272[32m SUCCESS[39m (0 secs / 2.019 secs)
[1A[2KChrome Headless 143.0.0.0 (Windows 10): Executed 19 of 272[32m SUCCESS[39m (0 secs / 2.021 secs)
[1A[2KChrome Headless 143.0.0.0 (Windows 10): Executed 20 of 272[32m SUCCESS[39m (0 secs / 2.022 secs)
[1A[2KChrome Headless 143.0.0.0 (Windows 10): Executed 21 of 272[32m SUCCESS[39m (0 secs / 2.024 secs)
[1A[2KChrome Headless 143.0.0.0 (Windows 10): Executed 22 of 272[32m SUCCESS[39m (0 secs / 2.055 secs)
[1A[2KChrome Headless 143.0.0.0 (Windows 10): Executed 23 of 272[32m SUCCESS[39m (0 secs / 2.059 secs)
[1A[2KChrome Headless 143.0.0.0 (Windows 10): Executed 24 of 272[32m SUCCESS[39m (0 secs / 2.062 secs)
[1A[2KChrome Headless 143.0.0.0 (Windows 10): Executed 25 of 272[32m SUCCESS[39m (0 secs / 2.064 secs)
[1A[2KChrome Headless 143.0.0.0 (Windows 10): Executed 26 of 272[32m SUCCESS[39m (0 secs / 2.065 secs)
[1A[2KChrome Headless 143.0.0.0 (Windows 10): Executed 27 of 272[32m SUCCESS[39m (0 secs / 2.066 secs)
[1A[2KChrome Headless 143.0.0.0 (Windows 10): Executed 28 of 272[32m SUCCESS[39m (0 secs / 2.068 secs)
[1A[2KChrome Headless 143.0.0.0 (Windows 10): Executed 29 of 272[32m SUCCESS[39m (0 secs / 2.069 secs)
[1A[2KChrome Headless 143.0.0.0 (Windows 10): Executed 30 of 272[32m SUCCESS[39m (0 secs / 2.07 secs)
[1A[2KChrome Headless 143.0.0.0 (Windows 10): Executed 31 of 272[32m SUCCESS[39m (0 secs / 2.071 secs)
[1A[2KChrome Headless 143.0.0.0 (Windows 10): Executed 32 of 272[32m SUCCESS[39m (0 secs / 2.072 secs)
[1A[2KChrome Headless 143.0.0.0 (Windows 10): Executed 33 of 272[32m SUCCESS[39m (0 secs / 2.073 secs)
[1A[2KChrome Headless 143.0.0.0 (Windows 10): Executed 34 of 272[32m SUCCESS[39m (0 secs / 2.074 secs)
[1A[2KChrome Headless 143.0.0.0 (Windows 10): Executed 35 of 272[32m SUCCESS[39m (0 secs / 2.075 secs)
[1A[2KChrome Headless 143.0.0.0 (Windows 10): Executed 36 of 272[32m SUCCESS[39m (0 secs / 2.076 secs)
[1A[2KChrome Headless 143.0.0.0 (Windows 10): Executed 37 of 272[32m SUCCESS[39m (0 secs / 2.077 secs)
[1A[2KChrome Headless 143.0.0.0 (Windows 10): Executed 38 of 272[32m SUCCESS[39m (0 secs / 2.078 secs)
[1A[2KChrome Headless 143.0.0.0 (Windows 10): Executed 39 of 272[32m SUCCESS[39m (0 secs / 2.079 secs)
[1A[2KChrome Headless 143.0.0.0 (Windows 10): Executed 40 of 272[32m SUCCESS[39m (0 secs / 2.08 secs)
[1A[2KChrome Headless 143.0.0.0 (Windows 10): Executed 41 of 272[32m SUCCESS[39m (0 secs / 2.132 secs)
[1A[2KChrome Headless 143.0.0.0 (Windows 10): Executed 42 of 272[32m SUCCESS[39m (0 secs / 2.134 secs)
[1A[2KChrome Headless 143.0.0.0 (Windows 10): Executed 43 of 272[32m SUCCESS[39m (0 secs / 2.135 secs)
[1A[2KChrome Headless 143.0.0.0 (Windows 10): Executed 44 of 272[32m SUCCESS[39m (0 secs / 2.187 secs)
[1A[2KChrome Headless 143.0.0.0 (Windows 10): Executed 45 of 272[32m SUCCESS[39m (0 secs / 2.19 secs)
[1A[2KChrome Headless 143.0.0.0 (Windows 10): Executed 46 of 272[32m SUCCESS[39m (0 secs / 2.193 secs)
[1A[2KChrome Headless 143.0.0.0 (Windows 10): Executed 47 of 272[32m SUCCESS[39m (0 secs / 2.255 secs)
[1A[2KChrome Headless 143.0.0.0 (Windows 10): Executed 48 of 272[32m SUCCESS[39m (0 secs / 2.259 secs)
[1A[2KChrome Headless 143.0.0.0 (Windows 10): Executed 49 of 272[32m SUCCESS[39m (0 secs / 2.263 secs)
[1A[2KChrome Headless 143.0.0.0 (Windows 10): Executed 50 of 272[32m SUCCESS[39m (0 secs / 2.267 secs)
[1A[2KChrome Headless 143.0.0.0 (Windows 10): Executed 51 of 272[32m SUCCESS[39m (0 secs / 2.268 secs)
[1A[2KChrome Headless 143.0.0.0 (Windows 10): Executed 52 of 272[32m SUCCESS[39m (0 secs / 2.369 secs)
[1A[2KChrome Headless 143.0.0.0 (Windows 10): Executed 53 of 272[32m SUCCESS[39m (0 secs / 2.371 secs)
[1A[2KChrome Headless 143.0.0.0 (Windows 10): Executed 54 of 272[32m SUCCESS[39m (0 secs / 2.372 secs)
[1A[2KChrome Headless 143.0.0.0 (Windows 10): Executed 55 of 272[32m SUCCESS[39m (0 secs / 2.373 secs)
[1A[2KChrome Headless 143.0.0.0 (Windows 10): Executed 56 of 272[32m SUCCESS[39m (0 secs / 2.374 secs)
[1A[2KChrome Headless 143.0.0.0 (Windows 10): Executed 57 of 272[32m SUCCESS[39m (0 secs / 2.375 secs)
[1A[2KChrome Headless 143.0.0.0 (Windows 10): Executed 58 of 272[32m SUCCESS[39m (0 secs / 2.377 secs)
[1A[2KChrome Headless 143.0.0.0 (Windows 10): Executed 59 of 272[32m SUCCESS[39m (0 secs / 2.377 secs)
[1A[2KChrome Headless 143.0.0.0 (Windows 10): Executed 60 of 272[32m SUCCESS[39m (0 secs / 2.378 secs)
[1A[2KChrome Headless 143.0.0.0 (Windows 10): Executed 61 of 272[32m SUCCESS[39m (0 secs / 2.379 secs)
[1A[2KChrome Headless 143.0.0.0 (Windows 10): Executed 62 of 272[32m SUCCESS[39m (0 secs / 2.38 secs)
[1A[2KChrome Headless 143.0.0.0 (Windows 10): Executed 63 of 272[32m SUCCESS[39m (0 secs / 2.381 secs)
[1A[2KChrome Headless 143.0.0.0 (Windows 10): Executed 64 of 272[32m SUCCESS[39m (0 secs / 2.382 secs)
[1A[2KChrome Headless 143.0.0.0 (Windows 10): Executed 65 of 272[32m SUCCESS[39m (0 secs / 2.383 secs)
[1A[2KChrome Headless 143.0.0.0 (Windows 10): Executed 66 of 272[32m SUCCESS[39m (0 secs / 2.383 secs)
[1A[2KChrome Headless 143.0.0.0 (Windows 10): Executed 67 of 272[32m SUCCESS[39m (0 secs / 2.383 secs)
[1A[2KLOG: [36mObject{position: 'Engineer', company: 'Test Co'}[39m
Chrome Headless 143.0.0.0 (Windows 10): Executed 67 of 272[32m SUCCESS[39m (0 secs / 2.383 secs)
LOG: Object{position: 'Engineer', company: 'Test Co'}
[1A[2KChrome Headless 143.0.0.0 (Windows 10): Executed 68 of 272[32m SUCCESS[39m (0 secs / 2.384 secs)
[1A[2KChrome Headless 143.0.0.0 (Windows 10): Executed 69 of 272[32m SUCCESS[39m (0 secs / 2.384 secs)
[1A[2KChrome Headless 143.0.0.0 (Windows 10): Executed 70 of 272[32m SUCCESS[39m (0 secs / 2.384 secs)
[1A[2KChrome Headless 143.0.0.0 (Windows 10): Executed 71 of 272[32m SUCCESS[39m (0 secs / 2.384 secs)
[1A[2KChrome Headless 143.0.0.0 (Windows 10): Executed 72 of 272[32m SUCCESS[39m (0 secs / 2.388 secs)
[1A[2KChrome Headless 143.0.0.0 (Windows 10): Executed 73 of 272[32m SUCCESS[39m (0 secs / 2.389 secs)
[1A[2KChrome Headless 143.0.0.0 (Windows 10): Executed 74 of 272[32m SUCCESS[39m (0 secs / 2.5 secs)
[1A[2KChrome Headless 143.0.0.0 (Windows 10): Executed 75 of 272[32m SUCCESS[39m (0 secs / 2.5 secs)
[1A[2KChrome Headless 143.0.0.0 (Windows 10): Executed 76 of 272[32m SUCCESS[39m (0 secs / 2.502 secs)
[1A[2KChrome Headless 143.0.0.0 (Windows 10): Executed 77 of 272[32m SUCCESS[39m (0 secs / 4.003 secs)
[1A[2KChrome Headless 143.0.0.0 (Windows 10): Executed 78 of 272[32m SUCCESS[39m (0 secs / 5.506 secs)
[1A[2KChrome Headless 143.0.0.0 (Windows 10): Executed 79 of 272[32m SUCCESS[39m (0 secs / 5.507 secs)
[1A[2KChrome Headless 143.0.0.0 (Windows 10): Executed 80 of 272[32m SUCCESS[39m (0 secs / 5.508 secs)
[1A[2KChrome Headless 143.0.0.0 (Windows 10): Executed 81 of 272[32m SUCCESS[39m (0 secs / 5.515 secs)
[1A[2KChrome Headless 143.0.0.0 (Windows 10): Executed 82 of 272[32m SUCCESS[39m (0 secs / 5.527 secs)
[1A[2KChrome Headless 143.0.0.0 (Windows 10): Executed 83 of 272[32m SUCCESS[39m (0 secs / 5.539 secs)
[1A[2KChrome Headless 143.0.0.0 (Windows 10): Executed 84 of 272[32m SUCCESS[39m (0 secs / 5.55 secs)
[1A[2KChrome Headless 143.0.0.0 (Windows 10): Executed 85 of 272[32m SUCCESS[39m (0 secs / 5.551 secs)
[1A[2KChrome Headless 143.0.0.0 (Windows 10): Executed 86 of 272[32m SUCCESS[39m (0 secs / 5.552 secs)
[1A[2KChrome Headless 143.0.0.0 (Windows 10): Executed 87 of 272[32m SUCCESS[39m (0 secs / 5.552 secs)
[1A[2KChrome Headless 143.0.0.0 (Windows 10): Executed 88 of 272[32m SUCCESS[39m (0 secs / 5.553 secs)
[1A[2KChrome Headless 143.0.0.0 (Windows 10): Executed 89 of 272[32m SUCCESS[39m (0 secs / 5.553 secs)
[1A[2KChrome Headless 143.0.0.0 (Windows 10): Executed 90 of 272[32m SUCCESS[39m (0 secs / 5.553 secs)
[1A[2KChrome Headless 143.0.0.0 (Windows 10): Executed 91 of 272[32m SUCCESS[39m (0 secs / 5.553 secs)
[1A[2KChrome Headless 143.0.0.0 (Windows 10): Executed 92 of 272[32m SUCCESS[39m (0 secs / 5.554 secs)
[1A[2KChrome Headless 143.0.0.0 (Windows 10): Executed 93 of 272[32m SUCCESS[39m (0 secs / 5.554 secs)
[1A[2KChrome Headless 143.0.0.0 (Windows 10): Executed 94 of 272[32m SUCCESS[39m (0 secs / 5.576 secs)
[1A[2KChrome Headless 143.0.0.0 (Windows 10): Executed 95 of 272[32m SUCCESS[39m (0 secs / 5.577 secs)
[1A[2KChrome Headless 143.0.0.0 (Windows 10): Executed 96 of 272[32m SUCCESS[39m (0 secs / 5.577 secs)
[1A[2KChrome Headless 143.0.0.0 (Windows 10): Executed 97 of 272[32m SUCCESS[39m (0 secs / 5.577 secs)
[1A[2KChrome Headless 143.0.0.0 (Windows 10): Executed 98 of 272[32m SUCCESS[39m (0 secs / 5.577 secs)
[1A[2KChrome Headless 143.0.0.0 (Windows 10): Executed 99 of 272[32m SUCCESS[39m (0 secs / 5.578 secs)
[1A[2KChrome Headless 143.0.0.0 (Windows 10): Executed 100 of 272[32m SUCCESS[39m (0 secs / 5.578 secs)
[1A[2KChrome Headless 143.0.0.0 (Windows 10): Executed 101 of 272[32m SUCCESS[39m (0 secs / 5.599 secs)
[1A[2KChrome Headless 143.0.0.0 (Windows 10): Executed 102 of 272[32m SUCCESS[39m (0 secs / 5.6 secs)
[1A[2KChrome Headless 143.0.0.0 (Windows 10): Executed 103 of 272[32m SUCCESS[39m (0 secs / 5.604 secs)
[1A[2KChrome Headless 143.0.0.0 (Windows 10): Executed 104 of 272[32m SUCCESS[39m (0 secs / 5.608 secs)
[1A[2KChrome Headless 143.0.0.0 (Windows 10): Executed 105 of 272[32m SUCCESS[39m (0 secs / 5.617 secs)
[1A[2KChrome Headless 143.0.0.0 (Windows 10): Executed 106 of 272[32m SUCCESS[39m (0 secs / 5.619 secs)
[1A[2KChrome Headless 143.0.0.0 (Windows 10): Executed 107 of 272[32m SUCCESS[39m (0 secs / 5.623 secs)
[1A[2KChrome Headless 143.0.0.0 (Windows 10): Executed 108 of 272[32m SUCCESS[39m (0 secs / 5.624 secs)
[1A[2KChrome Headless 143.0.0.0 (Windows 10): Executed 109 of 272[32m SUCCESS[39m (0 secs / 5.625 secs)
[1A[2KChrome Headless 143.0.0.0 (Windows 10): Executed 110 of 272[32m SUCCESS[39m (0 secs / 5.627 secs)
[1A[2KChrome Headless 143.0.0.0 (Windows 10): Executed 111 of 272[32m SUCCESS[39m (0 secs / 5.628 secs)
[1A[2KChrome Headless 143.0.0.0 (Windows 10): Executed 112 of 272[32m SUCCESS[39m (0 secs / 5.629 secs)
[1A[2KChrome Headless 143.0.0.0 (Windows 10): Executed 113 of 272[32m SUCCESS[39m (0 secs / 5.63 secs)
[1A[2KChrome Headless 143.0.0.0 (Windows 10): Executed 114 of 272[32m SUCCESS[39m (0 secs / 5.63 secs)
[1A[2KChrome Headless 143.0.0.0 (Windows 10): Executed 115 of 272[32m SUCCESS[39m (0 secs / 5.631 secs)
[1A[2KChrome Headless 143.0.0.0 (Windows 10): Executed 116 of 272[32m SUCCESS[39m (0 secs / 6.334 secs)
[1A[2KChrome Headless 143.0.0.0 (Windows 10): Executed 117 of 272[32m SUCCESS[39m (0 secs / 6.338 secs)
[1A[2KChrome Headless 143.0.0.0 (Windows 10): Executed 118 of 272[32m SUCCESS[39m (0 secs / 6.339 secs)
[1A[2KChrome Headless 143.0.0.0 (Windows 10): Executed 119 of 272[32m SUCCESS[39m (0 secs / 6.34 secs)
[1A[2KChrome Headless 143.0.0.0 (Windows 10): Executed 120 of 272[32m SUCCESS[39m (0 secs / 6.342 secs)
[1A[2KChrome Headless 143.0.0.0 (Windows 10): Executed 121 of 272[32m SUCCESS[39m (0 secs / 6.344 secs)
[1A[2KChrome Headless 143.0.0.0 (Windows 10): Executed 122 of 272[32m SUCCESS[39m (0 secs / 6.345 secs)
[1A[2KChrome Headless 143.0.0.0 (Windows 10): Executed 123 of 272[32m SUCCESS[39m (0 secs / 6.354 secs)
[1A[2KChrome Headless 143.0.0.0 (Windows 10): Executed 124 of 272[32m SUCCESS[39m (0 secs / 6.355 secs)
[1A[2KChrome Headless 143.0.0.0 (Windows 10): Executed 125 of 272[32m SUCCESS[39m (0 secs / 6.395 secs)
[1A[2KChrome Headless 143.0.0.0 (Windows 10): Executed 126 of 272[32m SUCCESS[39m (0 secs / 6.396 secs)
[1A[2KChrome Headless 143.0.0.0 (Windows 10): Executed 127 of 272[32m SUCCESS[39m (0 secs / 6.398 secs)
[1A[2KChrome Headless 143.0.0.0 (Windows 10): Executed 128 of 272[32m SUCCESS[39m (0 secs / 6.399 secs)
[1A[2KChrome Headless 143.0.0.0 (Windows 10): Executed 129 of 272[32m SUCCESS[39m (0 secs / 6.4 secs)
[1A[2KChrome Headless 143.0.0.0 (Windows 10): Executed 130 of 272[32m SUCCESS[39m (0 secs / 6.401 secs)
[1A[2KChrome Headless 143.0.0.0 (Windows 10): Executed 131 of 272[32m SUCCESS[39m (0 secs / 6.401 secs)
[1A[2KChrome Headless 143.0.0.0 (Windows 10): Executed 132 of 272[32m SUCCESS[39m (0 secs / 6.401 secs)
[1A[2KChrome Headless 143.0.0.0 (Windows 10): Executed 133 of 272[32m SUCCESS[39m (0 secs / 6.402 secs)
[1A[2KChrome Headless 143.0.0.0 (Windows 10): Executed 134 of 272[32m SUCCESS[39m (0 secs / 6.403 secs)
[1A[2KChrome Headless 143.0.0.0 (Windows 10): Executed 135 of 272[32m SUCCESS[39m (0 secs / 6.404 secs)
[1A[2KChrome Headless 143.0.0.0 (Windows 10): Executed 136 of 272[32m SUCCESS[39m (0 secs / 6.404 secs)
[1A[2KChrome Headless 143.0.0.0 (Windows 10): Executed 137 of 272[32m SUCCESS[39m (0 secs / 7.211 secs)
[1A[2KChrome Headless 143.0.0.0 (Windows 10): Executed 138 of 272[32m SUCCESS[39m (0 secs / 7.215 secs)
[1A[2KChrome Headless 143.0.0.0 (Windows 10): Executed 139 of 272[32m SUCCESS[39m (0 secs / 7.234 secs)
[1A[2KChrome Headless 143.0.0.0 (Windows 10): Executed 140 of 272[32m SUCCESS[39m (0 secs / 7.239 secs)
[1A[2KChrome Headless 143.0.0.0 (Windows 10): Executed 141 of 272[32m SUCCESS[39m (0 secs / 7.243 secs)
[1A[2KChrome Headless 143.0.0.0 (Windows 10): Executed 142 of 272[32m SUCCESS[39m (0 secs / 7.248 secs)
[1A[2KChrome Headless 143.0.0.0 (Windows 10): Executed 143 of 272[32m SUCCESS[39m (0 secs / 7.252 secs)
[1A[2KChrome Headless 143.0.0.0 (Windows 10): Executed 144 of 272[32m SUCCESS[39m (0 secs / 7.255 secs)
[1A[2KChrome Headless 143.0.0.0 (Windows 10): Executed 145 of 272[32m SUCCESS[39m (0 secs / 7.258 secs)
[1A[2KERROR: [36m'EmailService Error:', Error: Send failed
Error: Send failed
    at http://localhost:9876/base/src/app/features/contact/contact.spec.ts:106:59
    at Generator.next (<anonymous>)
    at http://localhost:9876/base/chunk-5I3DI6QM.js:58:61
    at new ZoneAwarePromise (http://localhost:9876/base/node_modules/zone.js/fesm2015/zone.js:2701:25)
    at __async (http://localhost:9876/base/chunk-5I3DI6QM.js:42:10)
    at UserContext.<anonymous> (http://localhost:9876/base/src/app/features/contact/contact.spec.ts:105:61)
    at _ZoneDelegate.invoke (http://localhost:9876/base/node_modules/zone.js/fesm2015/zone.js:398:28)
    at _ProxyZoneSpec.onInvoke (http://localhost:9876/base/node_modules/zone.js/fesm2015/zone-testing.js:2132:39)
    at _ZoneDelegate.invoke (http://localhost:9876/base/node_modules/zone.js/fesm2015/zone.js:397:34)
    at ZoneImpl.run (http://localhost:9876/base/node_modules/zone.js/fesm2015/zone.js:113:43)[39m
Chrome Headless 143.0.0.0 (Windows 10): Executed 145 of 272[32m SUCCESS[39m (0 secs / 7.258 secs)
ERROR: 'EmailService Error:', Error: Send failed
Error: Send failed
    at http://localhost:9876/base/src/app/features/contact/contact.spec.ts:106:59
    at Generator.next (<anonymous>)
    at http://localhost:9876/base/chunk-5I3DI6QM.js:58:61
    at new ZoneAwarePromise (http://localhost:9876/base/node_modules/zone.js/fesm2015/zone.js:2701:25)
    at __async (http://localhost:9876/base/chunk-5I3DI6QM.js:42:10)
    at UserContext.<anonymous> (http://localhost:9876/base/src/app/features/contact/contact.spec.ts:105:61)
    at _ZoneDelegate.invoke (http://localhost:9876/base/node_modules/zone.js/fesm2015/zone.js:398:28)
    at _ProxyZoneSpec.onInvoke (http://localhost:9876/base/node_modules/zone.js/fesm2015/zone-testing.js:2132:39)
    at _ZoneDelegate.invoke (http://localhost:9876/base/node_modules/zone.js/fesm2015/zone.js:397:34)
    at ZoneImpl.run (http://localhost:9876/base/node_modules/zone.js/fesm2015/zone.js:113:43)
[1A[2KChrome Headless 143.0.0.0 (Windows 10): Executed 146 of 272[32m SUCCESS[39m (0 secs / 7.262 secs)
[1A[2KChrome Headless 143.0.0.0 (Windows 10): Executed 147 of 272[32m SUCCESS[39m (0 secs / 7.266 secs)
[1A[2KChrome Headless 143.0.0.0 (Windows 10): Executed 148 of 272[32m SUCCESS[39m (0 secs / 7.27 secs)
[1A[2KChrome Headless 143.0.0.0 (Windows 10): Executed 149 of 272[32m SUCCESS[39m (0 secs / 7.273 secs)
[1A[2KChrome Headless 143.0.0.0 (Windows 10): Executed 150 of 272[32m SUCCESS[39m (0 secs / 7.276 secs)
[1A[2KChrome Headless 143.0.0.0 (Windows 10): Executed 151 of 272[32m SUCCESS[39m (0 secs / 7.277 secs)
[1A[2KChrome Headless 143.0.0.0 (Windows 10): Executed 152 of 272[32m SUCCESS[39m (0 secs / 7.278 secs)
[1A[2KChrome Headless 143.0.0.0 (Windows 10): Executed 153 of 272[32m SUCCESS[39m (0 secs / 7.279 secs)
[1A[2KChrome Headless 143.0.0.0 (Windows 10): Executed 154 of 272[32m SUCCESS[39m (0 secs / 7.28 secs)
[1A[2K[31mChrome Headless 143.0.0.0 (Windows 10) AiAuditService executeAuditWithUI should call onError on failure FAILED[39m
	Expected spy onError to have been called.
	    at <Jasmine>
	    at src/app/core/services/AiAudit.spec.ts:200:31
	    at Generator.next (<anonymous>)
	    at fulfilled (chunk-5I3DI6QM.js:45:24)
	    at _ZoneDelegate.invoke (node_modules/zone.js/fesm2015/zone.js:398:28)
Chrome Headless 143.0.0.0 (Windows 10): Executed 155 of 272[31m (1 FAILED)[39m (0 secs / 7.282 secs)
Chrome Headless 143.0.0.0 (Windows 10) AiAuditService executeAuditWithUI should call onError on failure FAILED
	Expected spy onError to have been called.
	    at <Jasmine>
	    at src/app/core/services/AiAudit.spec.ts:200:31
	    at Generator.next (<anonymous>)
	    at fulfilled (chunk-5I3DI6QM.js:45:24)
	    at _ZoneDelegate.invoke (node_modules/zone.js/fesm2015/zone.js:398:28)
[1A[2KChrome Headless 143.0.0.0 (Windows 10): Executed 156 of 272[31m (1 FAILED)[39m (0 secs / 7.284 secs)
[1A[2KChrome Headless 143.0.0.0 (Windows 10): Executed 157 of 272[31m (1 FAILED)[39m (0 secs / 7.285 secs)
[1A[2KChrome Headless 143.0.0.0 (Windows 10): Executed 158 of 272[31m (1 FAILED)[39m (0 secs / 7.286 secs)
[1A[2KChrome Headless 143.0.0.0 (Windows 10): Executed 159 of 272[31m (1 FAILED)[39m (0 secs / 7.287 secs)
[1A[2KChrome Headless 143.0.0.0 (Windows 10): Executed 160 of 272[31m (1 FAILED)[39m (0 secs / 7.287 secs)
[1A[2KChrome Headless 143.0.0.0 (Windows 10): Executed 161 of 272[31m (1 FAILED)[39m (0 secs / 7.287 secs)
[1A[2KChrome Headless 143.0.0.0 (Windows 10): Executed 162 of 272[31m (1 FAILED)[39m (0 secs / 7.287 secs)
[1A[2KChrome Headless 143.0.0.0 (Windows 10): Executed 163 of 272[31m (1 FAILED)[39m (0 secs / 7.297 secs)
[1A[2KChrome Headless 143.0.0.0 (Windows 10): Executed 164 of 272[31m (1 FAILED)[39m (0 secs / 7.3 secs)
[1A[2KChrome Headless 143.0.0.0 (Windows 10): Executed 165 of 272[31m (1 FAILED)[39m (0 secs / 7.302 secs)
[1A[2KChrome Headless 143.0.0.0 (Windows 10): Executed 166 of 272[31m (1 FAILED)[39m (0 secs / 7.303 secs)
[1A[2KChrome Headless 143.0.0.0 (Windows 10): Executed 167 of 272[31m (1 FAILED)[39m (0 secs / 7.304 secs)
[1A[2KChrome Headless 143.0.0.0 (Windows 10): Executed 168 of 272[31m (1 FAILED)[39m (0 secs / 7.304 secs)
[1A[2KChrome Headless 143.0.0.0 (Windows 10): Executed 169 of 272[31m (1 FAILED)[39m (0 secs / 7.306 secs)
[1A[2KChrome Headless 143.0.0.0 (Windows 10): Executed 170 of 272[31m (1 FAILED)[39m (0 secs / 7.307 secs)
[1A[2KChrome Headless 143.0.0.0 (Windows 10): Executed 171 of 272[31m (1 FAILED)[39m (0 secs / 7.309 secs)
[1A[2KChrome Headless 143.0.0.0 (Windows 10): Executed 172 of 272[31m (1 FAILED)[39m (0 secs / 9.311 secs)
[1A[2KChrome Headless 143.0.0.0 (Windows 10): Executed 173 of 272[31m (1 FAILED)[39m (0 secs / 9.323 secs)
[1A[2KChrome Headless 143.0.0.0 (Windows 10): Executed 174 of 272[31m (1 FAILED)[39m (0 secs / 10.334 secs)
[1A[2KChrome Headless 143.0.0.0 (Windows 10): Executed 175 of 272[31m (1 FAILED)[39m (0 secs / 10.336 secs)
[1A[2KChrome Headless 143.0.0.0 (Windows 10): Executed 176 of 272[31m (1 FAILED)[39m (0 secs / 10.339 secs)
[1A[2KWARN: [36m'GSAP target [object NodeList] not found. https://gsap.com'[39m
Chrome Headless 143.0.0.0 (Windows 10): Executed 176 of 272[31m (1 FAILED)[39m (0 secs / 10.339 secs)
WARN: 'GSAP target [object NodeList] not found. https://gsap.com'
[1A[2KWARN: [36m'GSAP target  not found. https://gsap.com'[39m
Chrome Headless 143.0.0.0 (Windows 10): Executed 176 of 272[31m (1 FAILED)[39m (0 secs / 10.339 secs)
WARN: 'GSAP target  not found. https://gsap.com'
[1A[2KWARN: [36m'GSAP target [object NodeList] not found. https://gsap.com'[39m
Chrome Headless 143.0.0.0 (Windows 10): Executed 176 of 272[31m (1 FAILED)[39m (0 secs / 10.339 secs)
WARN: 'GSAP target [object NodeList] not found. https://gsap.com'
[1A[2KWARN: [36m'GSAP target  not found. https://gsap.com'[39m
Chrome Headless 143.0.0.0 (Windows 10): Executed 176 of 272[31m (1 FAILED)[39m (0 secs / 10.339 secs)
WARN: 'GSAP target  not found. https://gsap.com'
[1A[2KWARN: [36m'GSAP target [object NodeList] not found. https://gsap.com'[39m
Chrome Headless 143.0.0.0 (Windows 10): Executed 176 of 272[31m (1 FAILED)[39m (0 secs / 10.339 secs)
WARN: 'GSAP target [object NodeList] not found. https://gsap.com'
[1A[2KWARN: [36m'GSAP target  not found. https://gsap.com'[39m
Chrome Headless 143.0.0.0 (Windows 10): Executed 176 of 272[31m (1 FAILED)[39m (0 secs / 10.339 secs)
WARN: 'GSAP target  not found. https://gsap.com'
[1A[2KWARN: [36m'GSAP target [object NodeList] not found. https://gsap.com'[39m
Chrome Headless 143.0.0.0 (Windows 10): Executed 176 of 272[31m (1 FAILED)[39m (0 secs / 10.339 secs)
WARN: 'GSAP target [object NodeList] not found. https://gsap.com'
[1A[2KWARN: [36m'GSAP target  not found. https://gsap.com'[39m
Chrome Headless 143.0.0.0 (Windows 10): Executed 176 of 272[31m (1 FAILED)[39m (0 secs / 10.339 secs)
WARN: 'GSAP target  not found. https://gsap.com'
[1A[2KWARN: [36m'GSAP target [object NodeList] not found. https://gsap.com'[39m
Chrome Headless 143.0.0.0 (Windows 10): Executed 176 of 272[31m (1 FAILED)[39m (0 secs / 10.339 secs)
WARN: 'GSAP target [object NodeList] not found. https://gsap.com'
[1A[2KWARN: [36m'GSAP target  not found. https://gsap.com'[39m
Chrome Headless 143.0.0.0 (Windows 10): Executed 176 of 272[31m (1 FAILED)[39m (0 secs / 10.339 secs)
WARN: 'GSAP target  not found. https://gsap.com'
[1A[2KWARN: [36m'GSAP target [object NodeList] not found. https://gsap.com'[39m
Chrome Headless 143.0.0.0 (Windows 10): Executed 176 of 272[31m (1 FAILED)[39m (0 secs / 10.339 secs)
WARN: 'GSAP target [object NodeList] not found. https://gsap.com'
[1A[2KWARN: [36m'GSAP target  not found. https://gsap.com'[39m
Chrome Headless 143.0.0.0 (Windows 10): Executed 176 of 272[31m (1 FAILED)[39m (0 secs / 10.339 secs)
WARN: 'GSAP target  not found. https://gsap.com'
[1A[2KChrome Headless 143.0.0.0 (Windows 10): Executed 177 of 272[31m (1 FAILED)[39m (0 secs / 10.34 secs)
[1A[2KChrome Headless 143.0.0.0 (Windows 10): Executed 178 of 272[31m (1 FAILED)[39m (0 secs / 10.34 secs)
[1A[2KChrome Headless 143.0.0.0 (Windows 10): Executed 179 of 272[31m (1 FAILED)[39m (0 secs / 10.34 secs)
[1A[2KChrome Headless 143.0.0.0 (Windows 10): Executed 180 of 272[31m (1 FAILED)[39m (0 secs / 10.341 secs)
[1A[2KChrome Headless 143.0.0.0 (Windows 10): Executed 181 of 272[31m (1 FAILED)[39m (0 secs / 10.344 secs)
[1A[2KChrome Headless 143.0.0.0 (Windows 10): Executed 182 of 272[31m (1 FAILED)[39m (0 secs / 10.344 secs)
[1A[2KChrome Headless 143.0.0.0 (Windows 10): Executed 183 of 272[31m (1 FAILED)[39m (0 secs / 10.345 secs)
[1A[2KChrome Headless 143.0.0.0 (Windows 10): Executed 184 of 272[31m (1 FAILED)[39m (0 secs / 10.345 secs)
[1A[2KChrome Headless 143.0.0.0 (Windows 10): Executed 185 of 272[31m (1 FAILED)[39m (0 secs / 10.345 secs)
[1A[2KChrome Headless 143.0.0.0 (Windows 10): Executed 186 of 272[31m (1 FAILED)[39m (0 secs / 10.345 secs)
[1A[2KChrome Headless 143.0.0.0 (Windows 10): Executed 187 of 272[31m (1 FAILED)[39m (0 secs / 10.345 secs)
[1A[2KChrome Headless 143.0.0.0 (Windows 10): Executed 188 of 272[31m (1 FAILED)[39m (0 secs / 10.345 secs)
[1A[2KChrome Headless 143.0.0.0 (Windows 10): Executed 189 of 272[31m (1 FAILED)[39m (0 secs / 10.345 secs)
[1A[2KChrome Headless 143.0.0.0 (Windows 10): Executed 190 of 272[31m (1 FAILED)[39m (0 secs / 10.345 secs)
[1A[2KChrome Headless 143.0.0.0 (Windows 10): Executed 191 of 272[31m (1 FAILED)[39m (0 secs / 10.345 secs)
[1A[2KChrome Headless 143.0.0.0 (Windows 10): Executed 192 of 272[31m (1 FAILED)[39m (0 secs / 10.346 secs)
[1A[2KChrome Headless 143.0.0.0 (Windows 10): Executed 193 of 272[31m (1 FAILED)[39m (0 secs / 10.346 secs)
[1A[2KChrome Headless 143.0.0.0 (Windows 10): Executed 194 of 272[31m (1 FAILED)[39m (0 secs / 10.959 secs)
[1A[2KChrome Headless 143.0.0.0 (Windows 10): Executed 195 of 272[31m (1 FAILED)[39m (0 secs / 10.959 secs)
[1A[2KChrome Headless 143.0.0.0 (Windows 10): Executed 196 of 272[31m (1 FAILED)[39m (0 secs / 10.959 secs)
[1A[2KChrome Headless 143.0.0.0 (Windows 10): Executed 197 of 272[31m (1 FAILED)[39m (0 secs / 10.959 secs)
[1A[2KWARN: [36m'GSAP target  not found. https://gsap.com'[39m
Chrome Headless 143.0.0.0 (Windows 10): Executed 197 of 272[31m (1 FAILED)[39m (0 secs / 10.959 secs)
WARN: 'GSAP target  not found. https://gsap.com'
[1A[2KChrome Headless 143.0.0.0 (Windows 10): Executed 198 of 272[31m (1 FAILED)[39m (0 secs / 10.959 secs)
[1A[2KChrome Headless 143.0.0.0 (Windows 10): Executed 199 of 272[31m (1 FAILED)[39m (0 secs / 10.959 secs)
[1A[2KChrome Headless 143.0.0.0 (Windows 10): Executed 200 of 272[31m (1 FAILED)[39m (0 secs / 10.96 secs)
[1A[2KChrome Headless 143.0.0.0 (Windows 10): Executed 201 of 272[31m (1 FAILED)[39m (0 secs / 10.96 secs)
[1A[2KChrome Headless 143.0.0.0 (Windows 10): Executed 202 of 272[31m (1 FAILED)[39m (0 secs / 10.96 secs)
[1A[2KChrome Headless 143.0.0.0 (Windows 10): Executed 203 of 272[31m (1 FAILED)[39m (0 secs / 10.989 secs)
[1A[2KChrome Headless 143.0.0.0 (Windows 10): Executed 204 of 272[31m (1 FAILED)[39m (0 secs / 10.993 secs)
[1A[2KChrome Headless 143.0.0.0 (Windows 10): Executed 205 of 272[31m (1 FAILED)[39m (0 secs / 10.996 secs)
[1A[2KChrome Headless 143.0.0.0 (Windows 10): Executed 206 of 272[31m (1 FAILED)[39m (0 secs / 10.998 secs)
[1A[2KChrome Headless 143.0.0.0 (Windows 10): Executed 207 of 272[31m (1 FAILED)[39m (0 secs / 11.001 secs)
[1A[2KChrome Headless 143.0.0.0 (Windows 10): Executed 208 of 272[31m (1 FAILED)[39m (0 secs / 11.157 secs)
[1A[2KChrome Headless 143.0.0.0 (Windows 10): Executed 209 of 272[31m (1 FAILED)[39m (0 secs / 11.157 secs)
[1A[2KChrome Headless 143.0.0.0 (Windows 10): Executed 210 of 272[31m (1 FAILED)[39m (0 secs / 11.159 secs)
[1A[2KChrome Headless 143.0.0.0 (Windows 10): Executed 211 of 272[31m (1 FAILED)[39m (0 secs / 11.159 secs)
[1A[2KChrome Headless 143.0.0.0 (Windows 10): Executed 212 of 272[31m (1 FAILED)[39m (0 secs / 11.161 secs)
[1A[2KChrome Headless 143.0.0.0 (Windows 10): Executed 213 of 272[31m (1 FAILED)[39m (0 secs / 11.162 secs)
[1A[2KChrome Headless 143.0.0.0 (Windows 10): Executed 214 of 272[31m (1 FAILED)[39m (0 secs / 12.165 secs)
[1A[2KChrome Headless 143.0.0.0 (Windows 10): Executed 215 of 272[31m (1 FAILED)[39m (0 secs / 12.166 secs)
[1A[2KChrome Headless 143.0.0.0 (Windows 10): Executed 216 of 272[31m (1 FAILED)[39m (0 secs / 12.167 secs)
[1A[2KWARN: [36m'GSAP target  not found. https://gsap.com'[39m
Chrome Headless 143.0.0.0 (Windows 10): Executed 216 of 272[31m (1 FAILED)[39m (0 secs / 12.167 secs)
WARN: 'GSAP target  not found. https://gsap.com'
[1A[2KWARN: [36m'GSAP target  not found. https://gsap.com'[39m
Chrome Headless 143.0.0.0 (Windows 10): Executed 216 of 272[31m (1 FAILED)[39m (0 secs / 12.167 secs)
WARN: 'GSAP target  not found. https://gsap.com'
[1A[2KWARN: [36m'GSAP target  not found. https://gsap.com'[39m
Chrome Headless 143.0.0.0 (Windows 10): Executed 216 of 272[31m (1 FAILED)[39m (0 secs / 12.167 secs)
WARN: 'GSAP target  not found. https://gsap.com'
[1A[2KChrome Headless 143.0.0.0 (Windows 10): Executed 217 of 272[31m (1 FAILED)[39m (0 secs / 12.168 secs)
[1A[2KChrome Headless 143.0.0.0 (Windows 10): Executed 218 of 272[31m (1 FAILED)[39m (0 secs / 12.169 secs)
[1A[2KChrome Headless 143.0.0.0 (Windows 10): Executed 219 of 272[31m (1 FAILED)[39m (0 secs / 12.169 secs)
[1A[2KChrome Headless 143.0.0.0 (Windows 10): Executed 220 of 272[31m (1 FAILED)[39m (0 secs / 12.169 secs)
[1A[2KChrome Headless 143.0.0.0 (Windows 10): Executed 221 of 272[31m (1 FAILED)[39m (0 secs / 12.169 secs)
[1A[2KWARN: [36m'GSAP target  not found. https://gsap.com'[39m
Chrome Headless 143.0.0.0 (Windows 10): Executed 221 of 272[31m (1 FAILED)[39m (0 secs / 12.169 secs)
WARN: 'GSAP target  not found. https://gsap.com'
[1A[2KChrome Headless 143.0.0.0 (Windows 10): Executed 222 of 272[31m (1 FAILED)[39m (0 secs / 12.67 secs)
[1A[2KChrome Headless 143.0.0.0 (Windows 10): Executed 223 of 272[31m (1 FAILED)[39m (0 secs / 12.67 secs)
[1A[2KChrome Headless 143.0.0.0 (Windows 10): Executed 224 of 272[31m (1 FAILED)[39m (0 secs / 12.972 secs)
[1A[2KChrome Headless 143.0.0.0 (Windows 10): Executed 225 of 272[31m (1 FAILED)[39m (0 secs / 12.973 secs)
[1A[2KChrome Headless 143.0.0.0 (Windows 10): Executed 226 of 272[31m (1 FAILED)[39m (0 secs / 12.974 secs)
[1A[2KChrome Headless 143.0.0.0 (Windows 10): Executed 227 of 272[31m (1 FAILED)[39m (0 secs / 12.975 secs)
[1A[2KChrome Headless 143.0.0.0 (Windows 10): Executed 228 of 272[31m (1 FAILED)[39m (0 secs / 12.976 secs)
[1A[2KChrome Headless 143.0.0.0 (Windows 10): Executed 229 of 272[31m (1 FAILED)[39m (0 secs / 12.978 secs)
[1A[2KChrome Headless 143.0.0.0 (Windows 10): Executed 230 of 272[31m (1 FAILED)[39m (0 secs / 12.978 secs)
[1A[2KChrome Headless 143.0.0.0 (Windows 10): Executed 231 of 272[31m (1 FAILED)[39m (0 secs / 12.981 secs)
[1A[2KChrome Headless 143.0.0.0 (Windows 10): Executed 232 of 272[31m (1 FAILED)[39m (0 secs / 12.981 secs)
[1A[2KChrome Headless 143.0.0.0 (Windows 10): Executed 233 of 272[31m (1 FAILED)[39m (0 secs / 12.981 secs)
[1A[2KChrome Headless 143.0.0.0 (Windows 10): Executed 234 of 272[31m (1 FAILED)[39m (0 secs / 12.982 secs)
[1A[2KChrome Headless 143.0.0.0 (Windows 10): Executed 235 of 272[31m (1 FAILED)[39m (0 secs / 12.982 secs)
[1A[2KChrome Headless 143.0.0.0 (Windows 10): Executed 236 of 272[31m (1 FAILED)[39m (0 secs / 12.982 secs)
[1A[2KChrome Headless 143.0.0.0 (Windows 10): Executed 237 of 272[31m (1 FAILED)[39m (0 secs / 12.983 secs)
[1A[2KChrome Headless 143.0.0.0 (Windows 10): Executed 238 of 272[31m (1 FAILED)[39m (0 secs / 12.983 secs)
[1A[2KChrome Headless 143.0.0.0 (Windows 10): Executed 239 of 272[31m (1 FAILED)[39m (0 secs / 12.985 secs)
[1A[2KChrome Headless 143.0.0.0 (Windows 10): Executed 240 of 272[31m (1 FAILED)[39m (0 secs / 12.985 secs)
[1A[2KChrome Headless 143.0.0.0 (Windows 10): Executed 241 of 272[31m (1 FAILED)[39m (0 secs / 12.985 secs)
[1A[2KChrome Headless 143.0.0.0 (Windows 10): Executed 242 of 272[31m (1 FAILED)[39m (0 secs / 12.986 secs)
[1A[2KChrome Headless 143.0.0.0 (Windows 10): Executed 243 of 272[31m (1 FAILED)[39m (0 secs / 12.986 secs)
[1A[2KChrome Headless 143.0.0.0 (Windows 10): Executed 244 of 272[31m (1 FAILED)[39m (0 secs / 12.987 secs)
[1A[2KChrome Headless 143.0.0.0 (Windows 10): Executed 245 of 272[31m (1 FAILED)[39m (0 secs / 12.987 secs)
[1A[2KChrome Headless 143.0.0.0 (Windows 10): Executed 246 of 272[31m (1 FAILED)[39m (0 secs / 12.987 secs)
[1A[2KChrome Headless 143.0.0.0 (Windows 10): Executed 247 of 272[31m (1 FAILED)[39m (0 secs / 12.998 secs)
[1A[2KChrome Headless 143.0.0.0 (Windows 10): Executed 248 of 272[31m (1 FAILED)[39m (0 secs / 12.999 secs)
[1A[2KChrome Headless 143.0.0.0 (Windows 10): Executed 249 of 272[31m (1 FAILED)[39m (0 secs / 13 secs)
[1A[2KChrome Headless 143.0.0.0 (Windows 10): Executed 250 of 272[31m (1 FAILED)[39m (0 secs / 13.001 secs)
[1A[2KChrome Headless 143.0.0.0 (Windows 10): Executed 251 of 272[31m (1 FAILED)[39m (0 secs / 13.002 secs)
[1A[2KChrome Headless 143.0.0.0 (Windows 10): Executed 252 of 272[31m (1 FAILED)[39m (0 secs / 13.003 secs)
[1A[2KChrome Headless 143.0.0.0 (Windows 10): Executed 253 of 272[31m (1 FAILED)[39m (0 secs / 13.015 secs)
[1A[2KChrome Headless 143.0.0.0 (Windows 10): Executed 254 of 272[31m (1 FAILED)[39m (0 secs / 13.016 secs)
[1A[2KChrome Headless 143.0.0.0 (Windows 10): Executed 255 of 272[31m (1 FAILED)[39m (0 secs / 13.017 secs)
[1A[2KChrome Headless 143.0.0.0 (Windows 10): Executed 256 of 272[31m (1 FAILED)[39m (0 secs / 13.018 secs)
[1A[2KChrome Headless 143.0.0.0 (Windows 10): Executed 257 of 272[31m (1 FAILED)[39m (0 secs / 13.02 secs)
[1A[2KChrome Headless 143.0.0.0 (Windows 10): Executed 258 of 272[31m (1 FAILED)[39m (0 secs / 13.022 secs)
[1A[2KChrome Headless 143.0.0.0 (Windows 10): Executed 259 of 272[31m (1 FAILED)[39m (0 secs / 13.023 secs)
[1A[2KChrome Headless 143.0.0.0 (Windows 10): Executed 260 of 272[31m (1 FAILED)[39m (0 secs / 13.025 secs)
[1A[2KChrome Headless 143.0.0.0 (Windows 10): Executed 261 of 272[31m (1 FAILED)[39m (0 secs / 13.026 secs)
[1A[2KChrome Headless 143.0.0.0 (Windows 10): Executed 262 of 272[31m (1 FAILED)[39m (0 secs / 13.026 secs)
[1A[2KChrome Headless 143.0.0.0 (Windows 10): Executed 263 of 272[31m (1 FAILED)[39m (0 secs / 13.027 secs)
[1A[2KChrome Headless 143.0.0.0 (Windows 10): Executed 264 of 272[31m (1 FAILED)[39m (0 secs / 13.027 secs)
[1A[2KChrome Headless 143.0.0.0 (Windows 10): Executed 265 of 272[31m (1 FAILED)[39m (0 secs / 13.027 secs)
[1A[2KChrome Headless 143.0.0.0 (Windows 10): Executed 266 of 272[31m (1 FAILED)[39m (0 secs / 13.029 secs)
[1A[2KChrome Headless 143.0.0.0 (Windows 10): Executed 267 of 272[31m (1 FAILED)[39m (0 secs / 13.03 secs)
[1A[2KChrome Headless 143.0.0.0 (Windows 10): Executed 268 of 272[31m (1 FAILED)[39m (0 secs / 13.031 secs)
[1A[2KChrome Headless 143.0.0.0 (Windows 10): Executed 269 of 272[31m (1 FAILED)[39m (0 secs / 13.033 secs)
[1A[2KChrome Headless 143.0.0.0 (Windows 10): Executed 270 of 272[31m (1 FAILED)[39m (0 secs / 13.035 secs)
[1A[2KChrome Headless 143.0.0.0 (Windows 10): Executed 271 of 272[31m (1 FAILED)[39m (0 secs / 13.039 secs)
[1A[2KChrome Headless 143.0.0.0 (Windows 10): Executed 272 of 272[31m (1 FAILED)[39m (0 secs / 13.041 secs)
[33m19 01 2026 17:52:52.813:WARN [web-server]: [39m404: /img.jpg
[1A[2KChrome Headless 143.0.0.0 (Windows 10): Executed 272 of 272[31m (1 FAILED)[39m (13.365 secs / 13.041 secs)
[31mTOTAL: 1 FAILED, 271 SUCCESS[39m
TOTAL: 1 FAILED, 271 SUCCESS
[91m19 01 2026 17:52:52.907:ERROR [coverage]: [39mChrome Headless 143.0.0.0 (Windows 10): Coverage for statements (94.36%) does not meet global threshold (100%)
[91m19 01 2026 17:52:52.908:ERROR [coverage]: [39mChrome Headless 143.0.0.0 (Windows 10): Coverage for branches (88.18%) does not meet global threshold (100%)
[91m19 01 2026 17:52:52.908:ERROR [coverage]: [39mChrome Headless 143.0.0.0 (Windows 10): Coverage for lines (95.12%) does not meet global threshold (100%)
[91m19 01 2026 17:52:52.908:ERROR [coverage]: [39mChrome Headless 143.0.0.0 (Windows 10): Coverage for functions (89.5%) does not meet global threshold (100%)

=============================== Coverage summary ===============================
Statements   : 94.36% ( 536/568 )
Branches     : 88.18% ( 97/110 )
Functions    : 89.5% ( 162/181 )
Lines        : 95.12% ( 488/513 )
================================================================================
